<html>
<body>
<pre>
<h1>µVision Build Log</h1>
<h2>Tool Versions:</h2>
IDE-Version: µVision V5.27.1.0
Copyright (C) 2019 ARM Ltd and ARM Germany GmbH. All rights reserved.
License Information: a x, @1, LIC=TA3Y8-33AT9-9X5UW-Q9IKL-HYESN-MWVAK
 
Tool Versions:
Toolchain:       MDK-ARM Professional  Version: 5.27.1.0
Toolchain Path:  C:\Keil_v5\ARM\ARMCC\Bin
C Compiler:      Armcc.exe V5.06 update 6 (build 750)
Assembler:       Armasm.exe V5.06 update 6 (build 750)
Linker/Locator:  ArmLink.exe V5.06 update 6 (build 750)
Library Manager: ArmAr.exe V5.06 update 6 (build 750)
Hex Converter:   FromElf.exe V5.06 update 6 (build 750)
CPU DLL:         SARMCM3.DLL V5.27.1.0
Dialog DLL:      DARMCM1.DLL V1.19.2.0
Target DLL:      STLink\ST-LINKIII-KEIL_SWO.dll V3.0.6.0
Dialog DLL:      TARMCM1.DLL V1.14.1.0
 
<h2>Project:</h2>
D:\code\uC\LP_ECG\MDK-ARM\LP_ECG.uvprojx
Project File Date:  08/22/2019

<h2>Output:</h2>
*** Using Compiler 'V5.06 update 6 (build 750)', folder: 'C:\Keil_v5\ARM\ARMCC\Bin'
Build target 'LP_ECG'
assembling startup_stm32g071xx.s...
compiling stm32g0xx_hal_adc_ex.c...
compiling stm32g0xx_hal_i2c_ex.c...
compiling stm32g0xx_hal_gpio.c...
compiling stm32g0xx_hal_uart_ex.c...
compiling dataMGR.c...
compiling stm32g0xx_it.c...
compiling main.c...
compiling stm32g0xx_hal_msp.c...
compiling CE32_HJ580.c...
..\Src\CE32_HJ580.c(121): warning:  #61-D: integer operation result is out of range
  	PIN_RESET(HJ_WAKE);	//Set low to exit sleep mode
..\Src\CE32_HJ580.c(121): warning:  #68-D: integer conversion resulted in a change of sign
  	PIN_RESET(HJ_WAKE);	//Set low to exit sleep mode
..\Src\CE32_HJ580.c(173): warning:  #61-D: integer operation result is out of range
  	PIN_RESET(HJ_WAKE);
..\Src\CE32_HJ580.c(173): warning:  #68-D: integer conversion resulted in a change of sign
  	PIN_RESET(HJ_WAKE);
..\Src\CE32_HJ580.c(195): warning:  #177-D: variable "i"  was declared but never referenced
  	char i=0;
..\Src\CE32_HJ580.c: 5 warnings, 0 errors
compiling stm32g0xx_hal_adc.c...
compiling stm32g0xx_hal_uart.c...
compiling stm32g0xx_hal_i2c.c...
compiling stm32g0xx_hal_spi_ex.c...
compiling stm32g0xx_hal_tim_ex.c...
compiling stm32g0xx_hal_spi.c...
compiling stm32g0xx_hal_rcc_ex.c...
compiling stm32g0xx_hal_flash.c...
compiling stm32g0xx_hal_flash_ex.c...
compiling stm32g0xx_hal_pwr.c...
compiling stm32g0xx_hal_tim.c...
compiling stm32g0xx_hal_rcc.c...
compiling stm32g0xx_hal_dma_ex.c...
compiling stm32g0xx_hal_pwr_ex.c...
compiling stm32g0xx_hal_dma.c...
compiling stm32g0xx_hal_cortex.c...
compiling system_stm32g0xx.c...
compiling stm32g0xx_hal.c...
compiling stm32g0xx_hal_exti.c...
linking...
Program Size: Code=10244 RO-data=316 RW-data=16 ZI-data=5744  
FromELF: creating hex file...
"LP_ECG\LP_ECG.axf" - 0 Error(s), 5 Warning(s).

<h2>Software Packages used:</h2>

Package Vendor: ARM
                http://www.keil.com/pack/ARM.CMSIS.5.6.0.pack
                ARM.CMSIS.5.6.0
                CMSIS (Cortex Microcontroller Software Interface Standard)
   * Component: CORE Version: 5.3.0

Package Vendor: Keil
                https://www.keil.com/pack/Keil.STM32G0xx_DFP.1.2.0.pack
                Keil.STM32G0xx_DFP.1.2.0
                STMicroelectronics STM32G0 Series Device Support

<h2>Collection of Component include folders:</h2>
  .\RTE\_LP_ECG
  D:\Program Files (x86)\Keil\Packs\ARM\CMSIS\5.6.0\CMSIS\Core\Include
  D:\Program Files (x86)\Keil\Packs\Keil\STM32G0xx_DFP\1.2.0\Drivers\CMSIS\Device\ST\STM32G0xx\Include

<h2>Collection of Component Files used:</h2>

   * Component: ARM::CMSIS:CORE:5.3.0
Build Time Elapsed:  00:00:45
</pre>
</body>
</html>
